[INFO] Scanning for projects...
[INFO] 
[INFO] --------------------< org.example:service-observer >--------------------
[INFO] Building service-observer 0.0.1-SNAPSHOT
[INFO] --------------------------------[ jar ]---------------------------------
[INFO] 
[INFO] --- maven-resources-plugin:3.5.0:resources (default-resources) @ service-observer ---
[INFO] Copying 1 resource from src\main\resources to target\classes
[INFO] Copying 0 resource from src\main\resources to target\classes
[INFO] 
[INFO] --- maven-compiler-plugin:3.15.0:compile (default-compile) @ service-observer ---
[INFO] Nothing to compile - all classes are up to date.
[INFO] 
[INFO] --- maven-resources-plugin:3.5.0:testResources (default-testResources) @ service-observer ---
[INFO] skip non existing resourceDirectory D:\study\Java\practice\spring-ai-study\service-observer\src\test\resources
[INFO] 
[INFO] --- maven-compiler-plugin:3.15.0:testCompile (default-testCompile) @ service-observer ---
[INFO] Nothing to compile - all classes are up to date.
[INFO] 
[INFO] --- maven-surefire-plugin:3.5.6:test (default-test) @ service-observer ---
[INFO] Tests are skipped.
[INFO] 
[INFO] --- maven-jar-plugin:3.5.1:jar (default-jar) @ service-observer ---
[INFO] 
[INFO] --- spring-boot-maven-plugin:4.1.1:repackage (repackage) @ service-observer ---
[INFO] Replacing main artifact D:\study\Java\practice\spring-ai-study\service-observer\target\service-observer-0.0.1-SNAPSHOT.jar with repackaged archive, adding nested dependencies in BOOT-INF/.
[INFO] The original artifact has been renamed to D:\study\Java\practice\spring-ai-study\service-observer\target\service-observer-0.0.1-SNAPSHOT.jar.original
[INFO] ------------------------------------------------------------------------
[INFO] BUILD SUCCESS
[INFO] ------------------------------------------------------------------------
[INFO] Total time:  0.815 s
[INFO] Finished at: 2026-10-02T17:05:20+08:00
[INFO] ------------------------------------------------------------------------
