[INFO] Scanning for projects...
[INFO] 
[INFO] --------------------< org.example:spring-ai-study >---------------------
[INFO] Building spring-ai-study 0.0.1-SNAPSHOT
[INFO] --------------------------------[ jar ]---------------------------------
[INFO] 
[INFO] --- maven-resources-plugin:3.5.0:resources (default-resources) @ spring-ai-study ---
[INFO] Copying 3 resources from src\main\resources to target\classes
[INFO] Copying 9 resources from src\main\resources to target\classes
[INFO] 
[INFO] --- maven-compiler-plugin:3.15.0:compile (default-compile) @ spring-ai-study ---
[INFO] Nothing to compile - all classes are up to date.
[INFO] 
[INFO] --- maven-resources-plugin:3.5.0:testResources (default-testResources) @ spring-ai-study ---
[INFO] Copying 7 resources from src\test\resources to target\test-classes
[INFO] 
[INFO] --- maven-compiler-plugin:3.15.0:testCompile (default-testCompile) @ spring-ai-study ---
[INFO] Nothing to compile - all classes are up to date.
[INFO] 
[INFO] --- maven-surefire-plugin:3.5.6:test (default-test) @ spring-ai-study ---
[INFO] Tests are skipped.
[INFO] 
[INFO] --- maven-jar-plugin:3.5.1:jar (default-jar) @ spring-ai-study ---
[INFO] 
[INFO] --- spring-boot-maven-plugin:4.1.1:repackage (repackage) @ spring-ai-study ---
[INFO] Replacing main artifact D:\study\Java\practice\spring-ai-study\target\spring-ai-study-0.0.1-SNAPSHOT.jar with repackaged archive, adding nested dependencies in BOOT-INF/.
[INFO] The original artifact has been renamed to D:\study\Java\practice\spring-ai-study\target\spring-ai-study-0.0.1-SNAPSHOT.jar.original
[INFO] ------------------------------------------------------------------------
[INFO] BUILD SUCCESS
[INFO] ------------------------------------------------------------------------
[INFO] Total time:  0.807 s
[INFO] Finished at: 2026-10-02T17:04:52+08:00
[INFO] ------------------------------------------------------------------------
